Test Validate_AU
****************

Test postalCode without check against table
7033: YES
7000: YES
4664: YES
2491: YES
1000: YES
9999: YES
abc: NO
a7000: NO

Test postalCode with check against table (strong)

Warning: file(@DATADIR@/Validate_AU/AU_postcodes.txt): failed to open stream: No such file or directory in C:\work\Validate\Validate\AU.php on line 61

Warning: array_map(): Argument #2 should be an array in C:\work\Validate\Validate\AU.php on line 61

Warning: in_array(): Wrong datatype for second argument in C:\work\Validate\Validate\AU.php on line 64
7033: NO

Warning: file(@DATADIR@/Validate_AU/AU_postcodes.txt): failed to open stream: No such file or directory in C:\work\Validate\Validate\AU.php on line 61

Warning: array_map(): Argument #2 should be an array in C:\work\Validate\Validate\AU.php on line 61

Warning: in_array(): Wrong datatype for second argument in C:\work\Validate\Validate\AU.php on line 64
7000: NO

Warning: file(@DATADIR@/Validate_AU/AU_postcodes.txt): failed to open stream: No such file or directory in C:\work\Validate\Validate\AU.php on line 61

Warning: array_map(): Argument #2 should be an array in C:\work\Validate\Validate\AU.php on line 61

Warning: in_array(): Wrong datatype for second argument in C:\work\Validate\Validate\AU.php on line 64
4664: NO

Warning: file(@DATADIR@/Validate_AU/AU_postcodes.txt): failed to open stream: No such file or directory in C:\work\Validate\Validate\AU.php on line 61

Warning: array_map(): Argument #2 should be an array in C:\work\Validate\Validate\AU.php on line 61

Warning: in_array(): Wrong datatype for second argument in C:\work\Validate\Validate\AU.php on line 64
2491: NO

Warning: file(@DATADIR@/Validate_AU/AU_postcodes.txt): failed to open stream: No such file or directory in C:\work\Validate\Validate\AU.php on line 61

Warning: array_map(): Argument #2 should be an array in C:\work\Validate\Validate\AU.php on line 61

Warning: in_array(): Wrong datatype for second argument in C:\work\Validate\Validate\AU.php on line 64
1000: NO

Warning: file(@DATADIR@/Validate_AU/AU_postcodes.txt): failed to open stream: No such file or directory in C:\work\Validate\Validate\AU.php on line 61

Warning: array_map(): Argument #2 should be an array in C:\work\Validate\Validate\AU.php on line 61

Warning: in_array(): Wrong datatype for second argument in C:\work\Validate\Validate\AU.php on line 64
9999: NO

Warning: file(@DATADIR@/Validate_AU/AU_postcodes.txt): failed to open stream: No such file or directory in C:\work\Validate\Validate\AU.php on line 61

Warning: array_map(): Argument #2 should be an array in C:\work\Validate\Validate\AU.php on line 61

Warning: in_array(): Wrong datatype for second argument in C:\work\Validate\Validate\AU.php on line 64
abc: NO

Warning: file(@DATADIR@/Validate_AU/AU_postcodes.txt): failed to open stream: No such file or directory in C:\work\Validate\Validate\AU.php on line 61

Warning: array_map(): Argument #2 should be an array in C:\work\Validate\Validate\AU.php on line 61

Warning: in_array(): Wrong datatype for second argument in C:\work\Validate\Validate\AU.php on line 64
a7000: NO

Test abn
28 043 145 470: NO
65 497 794 289: NO
46 527 394 509: NO
99 070 045 359: NO
98 860 905 153: NO
53 106 288 699: NO
51 008 129 511: NO
43 500 713 236: NO
72 342 387 170: NO
21 188 299 895: NO
55 914 901 347: NO
92 638 328 368: NO

Test acn
39 585 372 949: NO